<?xml version="1.0" encoding="UTF-8"?>
<testsuites name="jest tests" tests="263" failures="0" errors="0" time="100.672">
  <testsuite name="SessionManager Property-Based Tests" errors="0" failures="0" skipped="0" timestamp="2025-11-22T19:36:35" time="24.196" tests="6">
    <testcase classname="SessionManager Property-Based Tests Property 25: Session history retrieval should retrieve conversation history for any valid session" name="SessionManager Property-Based Tests Property 25: Session history retrieval should retrieve conversation history for any valid session" time="0.359">
    </testcase>
    <testcase classname="SessionManager Property-Based Tests Property 28: Context window summarization should summarize older messages when context exceeds token limit" name="SessionManager Property-Based Tests Property 28: Context window summarization should summarize older messages when context exceeds token limit" time="0.047">
    </testcase>
    <testcase classname="SessionManager Property-Based Tests Property 27: Response storage in history should store any response in session history" name="SessionManager Property-Based Tests Property 27: Response storage in history should store any response in session history" time="0.089">
    </testcase>
    <testcase classname="SessionManager Property-Based Tests Property 27: Response storage in history should store multiple responses in order" name="SessionManager Property-Based Tests Property 27: Response storage in history should store multiple responses in order" time="0.106">
    </testcase>
    <testcase classname="SessionManager Property-Based Tests Property 29: Session expiration detection should expire sessions older than inactivity threshold" name="SessionManager Property-Based Tests Property 29: Session expiration detection should expire sessions older than inactivity threshold" time="0.036">
    </testcase>
    <testcase classname="SessionManager Property-Based Tests Property 29: Session expiration detection should not expire sessions within inactivity threshold" name="SessionManager Property-Based Tests Property 29: Session expiration detection should not expire sessions within inactivity threshold" time="0.014">
    </testcase>
  </testsuite>
  <testsuite name="Property 18: API round-trip consistency" errors="0" failures="0" skipped="0" timestamp="2025-11-22T19:36:34" time="34.161" tests="2">
    <testcase classname="Property 18: API round-trip consistency For any request submitted via POST, GET should return the consensus decision" name="Property 18: API round-trip consistency For any request submitted via POST, GET should return the consensus decision" time="1.749">
    </testcase>
    <testcase classname="Property 18: API round-trip consistency GET with non-existent request ID should return 404" name="Property 18: API round-trip consistency GET with non-existent request ID should return 404" time="0.021">
    </testcase>
  </testsuite>
  <testsuite name="Property Test: Streaming Initiation Timing" errors="0" failures="0" skipped="0" timestamp="2025-11-22T19:36:34" time="39.578" tests="4">
    <testcase classname="Property Test: Streaming Initiation Timing should initiate streaming with proper headers when requested" name="Property Test: Streaming Initiation Timing should initiate streaming with proper headers when requested" time="1.93">
    </testcase>
    <testcase classname="Property Test: Streaming Initiation Timing should stream completed results immediately if already available" name="Property Test: Streaming Initiation Timing should stream completed results immediately if already available" time="2.101">
    </testcase>
    <testcase classname="Property Test: Streaming Initiation Timing should handle streaming errors gracefully" name="Property Test: Streaming Initiation Timing should handle streaming errors gracefully" time="1.063">
    </testcase>
    <testcase classname="Property Test: Streaming Initiation Timing should handle non-existent request IDs" name="Property Test: Streaming Initiation Timing should handle non-existent request IDs" time="0.094">
    </testcase>
  </testsuite>
  <testsuite name="Property 40: Transparency mode button display" errors="0" failures="0" skipped="0" timestamp="2025-11-22T19:36:36" time="39.46" tests="4">
    <testcase classname="Property 40: Transparency mode button display transparency button displayed when transparency mode enabled" name="Property 40: Transparency mode button display transparency button displayed when transparency mode enabled" time="0.221">
    </testcase>
    <testcase classname="Property 40: Transparency mode button display transparency button visibility controlled by config" name="Property 40: Transparency mode button display transparency button visibility controlled by config" time="0.065">
    </testcase>
    <testcase classname="Property 40: Transparency mode button display transparency button toggles deliberation section" name="Property 40: Transparency mode button display transparency button toggles deliberation section" time="0.104">
    </testcase>
    <testcase classname="Property 40: Transparency mode button display button text reflects deliberation visibility state" name="Property 40: Transparency mode button display button text reflects deliberation visibility state" time="0.063">
    </testcase>
  </testsuite>
  <testsuite name="Property 3: User interface hides deliberation by default" errors="0" failures="0" skipped="0" timestamp="2025-11-22T19:36:35" time="41.178" tests="3">
    <testcase classname="Property 3: User interface hides deliberation by default consensus decision output hides deliberation details when transparency disabled" name="Property 3: User interface hides deliberation by default consensus decision output hides deliberation details when transparency disabled" time="0.327">
    </testcase>
    <testcase classname="Property 3: User interface hides deliberation by default response display area excludes council member identifiers by default" name="Property 3: User interface hides deliberation by default response display area excludes council member identifiers by default" time="0.043">
    </testcase>
    <testcase classname="Property 3: User interface hides deliberation by default deliberation section requires explicit toggle action to become visible" name="Property 3: User interface hides deliberation by default deliberation section requires explicit toggle action to become visible" time="0.059">
    </testcase>
  </testsuite>
  <testsuite name="Property Test: Global Timeout Preserves Member IDs" errors="0" failures="0" skipped="0" timestamp="2025-11-22T19:37:08" time="16.147" tests="1">
    <testcase classname="Property Test: Global Timeout Preserves Member IDs should preserve actual member IDs when global timeout occurs" name="Property Test: Global Timeout Preserves Member IDs should preserve actual member IDs when global timeout occurs" time="12.245">
    </testcase>
  </testsuite>
  <testsuite name="Property Test: Base Provider Adapter Timeout Error Messages" errors="0" failures="0" skipped="0" timestamp="2025-11-22T19:37:14" time="10.833" tests="1">
    <testcase classname="Property Test: Base Provider Adapter Timeout Error Messages should display timeout value in seconds in error messages" name="Property Test: Base Provider Adapter Timeout Error Messages should display timeout value in seconds in error messages" time="7.22">
    </testcase>
  </testsuite>
  <testsuite name="Property 24: Session identifier inclusion" errors="0" failures="0" skipped="0" timestamp="2025-11-22T19:36:59" time="25.711" tests="4">
    <testcase classname="Property 24: Session identifier inclusion all requests include session identifier" name="Property 24: Session identifier inclusion all requests include session identifier" time="0.074">
    </testcase>
    <testcase classname="Property 24: Session identifier inclusion session identifier is persisted in localStorage" name="Property 24: Session identifier inclusion session identifier is persisted in localStorage" time="0.052">
    </testcase>
    <testcase classname="Property 24: Session identifier inclusion session identifier included in request payload" name="Property 24: Session identifier inclusion session identifier included in request payload" time="0.065">
    </testcase>
    <testcase classname="Property 24: Session identifier inclusion generated session identifier follows UUID format" name="Property 24: Session identifier inclusion generated session identifier follows UUID format" time="0.029">
    </testcase>
  </testsuite>
  <testsuite name="Property Test: Base Provider Adapter Timeout Conversion" errors="0" failures="0" skipped="0" timestamp="2025-11-22T19:37:15" time="10.383" tests="1">
    <testcase classname="Property Test: Base Provider Adapter Timeout Conversion should convert timeout from seconds to milliseconds before setTimeout" name="Property Test: Base Provider Adapter Timeout Conversion should convert timeout from seconds to milliseconds before setTimeout" time="7.177">
    </testcase>
  </testsuite>
  <testsuite name="Property 17: Request identifier generation" errors="0" failures="0" skipped="0" timestamp="2025-11-22T19:37:16" time="9.947" tests="2">
    <testcase classname="Property 17: Request identifier generation For any valid POST request, a unique request identifier should be returned" name="Property 17: Request identifier generation For any valid POST request, a unique request identifier should be returned" time="0.779">
    </testcase>
    <testcase classname="Property 17: Request identifier generation Request identifiers should be unique across multiple requests" name="Property 17: Request identifier generation Request identifiers should be unique across multiple requests" time="0.059">
    </testcase>
  </testsuite>
  <testsuite name="SessionManager" errors="0" failures="0" skipped="0" timestamp="2025-11-22T19:37:25" time="1.628" tests="12">
    <testcase classname="SessionManager createSession should create a new session with correct structure" name="SessionManager createSession should create a new session with correct structure" time="0.002">
    </testcase>
    <testcase classname="SessionManager createSession should store session in database" name="SessionManager createSession should store session in database" time="0">
    </testcase>
    <testcase classname="SessionManager createSession should cache session in Redis" name="SessionManager createSession should cache session in Redis" time="0">
    </testcase>
    <testcase classname="SessionManager getSession should return session from cache if available" name="SessionManager getSession should return session from cache if available" time="0">
    </testcase>
    <testcase classname="SessionManager getSession should return null for non-existent session" name="SessionManager getSession should return null for non-existent session" time="0.001">
    </testcase>
    <testcase classname="SessionManager addToHistory should add entry to database within transaction" name="SessionManager addToHistory should add entry to database within transaction" time="0.001">
    </testcase>
    <testcase classname="SessionManager addToHistory should update session last activity within transaction" name="SessionManager addToHistory should update session last activity within transaction" time="0.001">
    </testcase>
    <testcase classname="SessionManager addToHistory should rollback transaction on error" name="SessionManager addToHistory should rollback transaction on error" time="0.08">
    </testcase>
    <testcase classname="SessionManager getContextForRequest should return empty context for non-existent session" name="SessionManager getContextForRequest should return empty context for non-existent session" time="0">
    </testcase>
    <testcase classname="SessionManager getContextForRequest should return all messages when within token limit" name="SessionManager getContextForRequest should return all messages when within token limit" time="0">
    </testcase>
    <testcase classname="SessionManager expireInactiveSessions should expire sessions older than threshold" name="SessionManager expireInactiveSessions should expire sessions older than threshold" time="0.001">
    </testcase>
    <testcase classname="SessionManager expireInactiveSessions should return 0 when no sessions to expire" name="SessionManager expireInactiveSessions should return 0 when no sessions to expire" time="0.001">
    </testcase>
  </testsuite>
  <testsuite name="Property 19: Authentication validation" errors="0" failures="0" skipped="0" timestamp="2025-11-22T19:37:24" time="5.165" tests="5">
    <testcase classname="Property 19: Authentication validation Requests without authentication header should be rejected with 401" name="Property 19: Authentication validation Requests without authentication header should be rejected with 401" time="0.284">
    </testcase>
    <testcase classname="Property 19: Authentication validation Requests with invalid Bearer token should be rejected with 401" name="Property 19: Authentication validation Requests with invalid Bearer token should be rejected with 401" time="0.044">
    </testcase>
    <testcase classname="Property 19: Authentication validation Requests with malformed Authorization header should be rejected with 401" name="Property 19: Authentication validation Requests with malformed Authorization header should be rejected with 401" time="0.049">
    </testcase>
    <testcase classname="Property 19: Authentication validation Requests with valid ApiKey should be accepted" name="Property 19: Authentication validation Requests with valid ApiKey should be accepted" time="0.022">
    </testcase>
    <testcase classname="Property 19: Authentication validation GET requests without authentication should be rejected with 401" name="Property 19: Authentication validation GET requests without authentication should be rejected with 401" time="0.03">
    </testcase>
  </testsuite>
  <testsuite name="SynthesisEngine - Property-Based Tests" errors="0" failures="0" skipped="0" timestamp="2025-11-22T19:37:26" time="3.267" tests="5">
    <testcase classname="SynthesisEngine - Property-Based Tests Property 2: For any set of council member responses, synthesis should produce exactly one consensus decision" name="SynthesisEngine - Property-Based Tests Property 2: For any set of council member responses, synthesis should produce exactly one consensus decision" time="0.33">
    </testcase>
    <testcase classname="SynthesisEngine - Property-Based Tests Property 20: For any meta-synthesis with designated moderator, that specific council member should perform synthesis" name="SynthesisEngine - Property-Based Tests Property 20: For any meta-synthesis with designated moderator, that specific council member should perform synthesis" time="0.005">
    </testcase>
    <testcase classname="SynthesisEngine - Property-Based Tests Property 21: For any weighted fusion synthesis, the synthesis prompt should include all council member contributions weighted according to configuration" name="SynthesisEngine - Property-Based Tests Property 21: For any weighted fusion synthesis, the synthesis prompt should include all council member contributions weighted according to configuration" time="0.198">
    </testcase>
    <testcase classname="SynthesisEngine - Property-Based Tests Property 22: For any meta-synthesis with strongest moderator strategy, the council member with highest ranking should be selected" name="SynthesisEngine - Property-Based Tests Property 22: For any meta-synthesis with strongest moderator strategy, the council member with highest ranking should be selected" time="0.014">
    </testcase>
    <testcase classname="SynthesisEngine - Property-Based Tests Property 23: For any saved synthesis strategy, the consensus decision should record that strategy" name="SynthesisEngine - Property-Based Tests Property 23: For any saved synthesis strategy, the consensus decision should record that strategy" time="0.219">
    </testcase>
  </testsuite>
  <testsuite name="Property Test: Orchestration Engine Timeout Conversion" errors="0" failures="0" skipped="0" timestamp="2025-11-22T19:37:26" time="4.069" tests="1">
    <testcase classname="Property Test: Orchestration Engine Timeout Conversion should convert timeout from seconds to milliseconds before setTimeout" name="Property Test: Orchestration Engine Timeout Conversion should convert timeout from seconds to milliseconds before setTimeout" time="1.052">
    </testcase>
  </testsuite>
  <testsuite name="Property Test: Request Distribution Completeness" errors="0" failures="0" skipped="0" timestamp="2025-11-22T19:37:24" time="6.568" tests="10">
    <testcase classname="Property Test: Request Distribution Completeness should distribute request to all configured council members" name="Property Test: Request Distribution Completeness should distribute request to all configured council members" time="0.181">
    </testcase>
    <testcase classname="Property Test: Active Configuration Enforcement should use only members from active configuration" name="Property Test: Active Configuration Enforcement should use only members from active configuration" time="0.182">
    </testcase>
    <testcase classname="Property Test: Automatic Member Disabling should disable member after consecutive failures" name="Property Test: Automatic Member Disabling should disable member after consecutive failures" time="0.701">
    </testcase>
    <testcase classname="Property Test: Automatic Member Disabling should exclude disabled members from subsequent requests" name="Property Test: Automatic Member Disabling should exclude disabled members from subsequent requests" time="0.08">
    </testcase>
    <testcase classname="Property Test: Deliberation Round Count Enforcement should execute exactly N deliberation rounds when N &gt; 0" name="Property Test: Deliberation Round Count Enforcement should execute exactly N deliberation rounds when N &gt; 0" time="0.754">
    </testcase>
    <testcase classname="Property Test: Deliberation Round Count Enforcement should skip deliberation when rounds equals 0" name="Property Test: Deliberation Round Count Enforcement should skip deliberation when rounds equals 0" time="0.049">
    </testcase>
    <testcase classname="Property Test: Peer Response Sharing Completeness should share all peer responses with each council member during deliberation" name="Property Test: Peer Response Sharing Completeness should share all peer responses with each council member during deliberation" time="1.107">
    </testcase>
    <testcase classname="Property Test: Global Timeout Synthesis Trigger should trigger synthesis when global timeout is exceeded" name="Property Test: Global Timeout Synthesis Trigger should trigger synthesis when global timeout is exceeded" time="0.129">
    </testcase>
    <testcase classname="Property Test: Context Inclusion in Distribution should include conversation context when distributing to council members" name="Property Test: Context Inclusion in Distribution should include conversation context when distributing to council members" time="0.472">
    </testcase>
    <testcase classname="Property Test: Context Inclusion in Distribution should handle requests without context gracefully" name="Property Test: Context Inclusion in Distribution should handle requests without context gracefully" time="0.286">
    </testcase>
  </testsuite>
  <testsuite name="Property Test: Orchestration Engine Timeout Error Messages" errors="0" failures="0" skipped="0" timestamp="2025-11-22T19:37:27" time="4.008" tests="2">
    <testcase classname="Property Test: Orchestration Engine Timeout Error Messages should display timeout value in seconds in error messages" name="Property Test: Orchestration Engine Timeout Error Messages should display timeout value in seconds in error messages" time="0.049">
    </testcase>
    <testcase classname="Property Test: Orchestration Engine Timeout Error Messages should timeout at the configured seconds value and display error in seconds" name="Property Test: Orchestration Engine Timeout Error Messages should timeout at the configured seconds value and display error in seconds" time="1.002">
    </testcase>
  </testsuite>
  <testsuite name="Property: Analytics handles null values safely" errors="0" failures="0" skipped="0" timestamp="2025-11-22T19:37:30" time="2.043" tests="9">
    <testcase classname="Property: Analytics handles null values safely computeAgreementMatrix should handle null consensus_decision" name="Property: Analytics handles null values safely computeAgreementMatrix should handle null consensus_decision" time="0.042">
    </testcase>
    <testcase classname="Property: Analytics handles null values safely computeAgreementMatrix should handle null member content" name="Property: Analytics handles null values safely computeAgreementMatrix should handle null member content" time="0.04">
    </testcase>
    <testcase classname="Property: Analytics handles null values safely computeAgreementMatrix should handle completely null rows" name="Property: Analytics handles null values safely computeAgreementMatrix should handle completely null rows" time="0.022">
    </testcase>
    <testcase classname="Property: Analytics handles null values safely calculateInfluenceScores should handle null values" name="Property: Analytics handles null values safely calculateInfluenceScores should handle null values" time="0.026">
    </testcase>
    <testcase classname="Property: Analytics handles null values safely calculatePerformanceMetrics should handle null latency values" name="Property: Analytics handles null values safely calculatePerformanceMetrics should handle null latency values" time="0.054">
    </testcase>
    <testcase classname="Property: Analytics handles null values safely aggregateCostAnalytics should handle null cost values" name="Property: Analytics handles null values safely aggregateCostAnalytics should handle null cost values" time="0.048">
    </testcase>
    <testcase classname="Property: Analytics handles null values safely calculateCostPerQuality should handle null values" name="Property: Analytics handles null values safely calculateCostPerQuality should handle null values" time="0.024">
    </testcase>
    <testcase classname="Property: Analytics handles null values safely analytics should handle null query results" name="Property: Analytics handles null values safely analytics should handle null query results" time="0.001">
    </testcase>
    <testcase classname="Property: Analytics handles null values safely analytics should handle undefined rows in result" name="Property: Analytics handles null values safely analytics should handle undefined rows in result" time="0">
    </testcase>
  </testsuite>
  <testsuite name="Property Test: Graceful Degradation with Partial Responses" errors="0" failures="0" skipped="0" timestamp="2025-11-22T19:37:30" time="2.297" tests="4">
    <testcase classname="Property Test: Graceful Degradation with Partial Responses should produce consensus decision when at least one member responds successfully" name="Property Test: Graceful Degradation with Partial Responses should produce consensus decision when at least one member responds successfully" time="0.118">
    </testcase>
    <testcase classname="Property Test: Graceful Degradation with Partial Responses should handle majority failure gracefully" name="Property Test: Graceful Degradation with Partial Responses should handle majority failure gracefully" time="0.056">
    </testcase>
    <testcase classname="Property Test: Graceful Degradation with Partial Responses should fail when all members fail" name="Property Test: Graceful Degradation with Partial Responses should fail when all members fail" time="0.079">
    </testcase>
    <testcase classname="Property Test: Graceful Degradation with Partial Responses should maintain response quality with partial failures" name="Property Test: Graceful Degradation with Partial Responses should maintain response quality with partial failures" time="0.058">
    </testcase>
  </testsuite>
  <testsuite name="Property Test: Configuration Immediacy" errors="0" failures="0" skipped="0" timestamp="2025-11-22T19:37:30" time="2.58" tests="5">
    <testcase classname="Property Test: Configuration Immediacy should apply modified timeout settings to subsequent requests immediately" name="Property Test: Configuration Immediacy should apply modified timeout settings to subsequent requests immediately" time="0.247">
    </testcase>
    <testcase classname="Property Test: Configuration Immediacy should apply each modification immediately in sequence" name="Property Test: Configuration Immediacy should apply each modification immediately in sequence" time="0.066">
    </testcase>
    <testcase classname="Property Test: Configuration Immediacy should invalidate cache on modification to ensure immediate application" name="Property Test: Configuration Immediacy should invalidate cache on modification to ensure immediate application" time="0.06">
    </testcase>
    <testcase classname="Property Test: Configuration Immediacy should apply timeout-only modifications immediately" name="Property Test: Configuration Immediacy should apply timeout-only modifications immediately" time="0.111">
    </testcase>
    <testcase classname="Property Test: Configuration Immediacy should apply retry-policy-only modifications immediately" name="Property Test: Configuration Immediacy should apply retry-policy-only modifications immediately" time="0.174">
    </testcase>
  </testsuite>
  <testsuite name="SessionManager Atomic Updates Property Test" errors="0" failures="0" skipped="0" timestamp="2025-11-22T19:37:31" time="2.311" tests="3">
    <testcase classname="SessionManager Atomic Updates Property Test Property 9: Session updates are atomic" name="SessionManager Atomic Updates Property Test Property 9: Session updates are atomic" time="0.111">
    </testcase>
    <testcase classname="SessionManager Atomic Updates Property Test Property 9 (Error Case): Transaction rollback on error" name="SessionManager Atomic Updates Property Test Property 9 (Error Case): Transaction rollback on error" time="0.093">
    </testcase>
    <testcase classname="SessionManager Atomic Updates Property Test Property 9 (Consistency): Cache reflects database state" name="SessionManager Atomic Updates Property Test Property 9 (Consistency): Cache reflects database state" time="0.051">
    </testcase>
  </testsuite>
  <testsuite name="Property Test: Configuration Persistence Round-Trip" errors="0" failures="0" skipped="0" timestamp="2025-11-22T19:37:31" time="2.67" tests="3">
    <testcase classname="Property Test: Configuration Persistence Round-Trip should preserve configuration through save and retrieve cycle" name="Property Test: Configuration Persistence Round-Trip should preserve configuration through save and retrieve cycle" time="0.34">
    </testcase>
    <testcase classname="Property Test: Configuration Persistence Round-Trip should retrieve same configuration from cache on second call" name="Property Test: Configuration Persistence Round-Trip should retrieve same configuration from cache on second call" time="0.083">
    </testcase>
    <testcase classname="Property Test: Configuration Persistence Round-Trip should preserve configuration through multiple save-retrieve cycles" name="Property Test: Configuration Persistence Round-Trip should preserve configuration through multiple save-retrieve cycles" time="0.08">
    </testcase>
  </testsuite>
  <testsuite name="Property Test: Analytics Sees Correct Member IDs" errors="0" failures="0" skipped="0" timestamp="2025-11-22T19:37:32" time="2.54" tests="2">
    <testcase classname="Property Test: Analytics Sees Correct Member IDs should process agreement matrix with actual member IDs" name="Property Test: Analytics Sees Correct Member IDs should process agreement matrix with actual member IDs" time="0.043">
    </testcase>
    <testcase classname="Property Test: Analytics Sees Correct Member IDs should calculate influence scores with actual member IDs" name="Property Test: Analytics Sees Correct Member IDs should calculate influence scores with actual member IDs" time="0.076">
    </testcase>
  </testsuite>
  <testsuite name="Property 16: Pricing version tracking" errors="0" failures="0" skipped="0" timestamp="2025-11-22T19:37:32" time="2.462" tests="4">
    <testcase classname="Property 16: Pricing version tracking should include pricing version in all cost records" name="Property 16: Pricing version tracking should include pricing version in all cost records" time="0.093">
    </testcase>
    <testcase classname="Property 16: Pricing version tracking should preserve pricing version exactly as provided" name="Property 16: Pricing version tracking should preserve pricing version exactly as provided" time="0.035">
    </testcase>
    <testcase classname="Property 16: Pricing version tracking should track different pricing versions for different requests" name="Property 16: Pricing version tracking should track different pricing versions for different requests" time="0.117">
    </testcase>
    <testcase classname="Property 16: Pricing version tracking should handle various pricing version formats" name="Property 16: Pricing version tracking should handle various pricing version formats" time="0.041">
    </testcase>
  </testsuite>
  <testsuite name="Property 38: Percentile latency computation" errors="0" failures="0" skipped="0" timestamp="2025-11-22T19:37:32" time="2.647" tests="8">
    <testcase classname="Property 38: Percentile latency computation p50 should be less than or equal to p95" name="Property 38: Percentile latency computation p50 should be less than or equal to p95" time="0.025">
    </testcase>
    <testcase classname="Property 38: Percentile latency computation p95 should be less than or equal to p99" name="Property 38: Percentile latency computation p95 should be less than or equal to p99" time="0.011">
    </testcase>
    <testcase classname="Property 38: Percentile latency computation percentiles should be within the range of input latencies" name="Property 38: Percentile latency computation percentiles should be within the range of input latencies" time="0.035">
    </testcase>
    <testcase classname="Property 38: Percentile latency computation with uniform latencies, all percentiles should be equal" name="Property 38: Percentile latency computation with uniform latencies, all percentiles should be equal" time="0.037">
    </testcase>
    <testcase classname="Property 38: Percentile latency computation empty latency data should produce zero percentiles" name="Property 38: Percentile latency computation empty latency data should produce zero percentiles" time="0.018">
    </testcase>
    <testcase classname="Property 38: Percentile latency computation timeout rate should be between 0 and 1" name="Property 38: Percentile latency computation timeout rate should be between 0 and 1" time="0.015">
    </testcase>
    <testcase classname="Property 38: Percentile latency computation latency stats by council size should have correct counts" name="Property 38: Percentile latency computation latency stats by council size should have correct counts" time="0.162">
    </testcase>
    <testcase classname="Property 38: Percentile latency computation latency stats by deliberation rounds should have correct counts" name="Property 38: Percentile latency computation latency stats by deliberation rounds should have correct counts" time="0.126">
    </testcase>
  </testsuite>
  <testsuite name="Property 42: Deliberation hiding when disabled" errors="0" failures="0" skipped="0" timestamp="2025-11-22T19:36:36" time="59.396" tests="5">
    <testcase classname="Property 42: Deliberation hiding when disabled output contains only consensus when transparency disabled" name="Property 42: Deliberation hiding when disabled output contains only consensus when transparency disabled" time="0.197">
    </testcase>
    <testcase classname="Property 42: Deliberation hiding when disabled deliberation data not displayed when transparency disabled" name="Property 42: Deliberation hiding when disabled deliberation data not displayed when transparency disabled" time="0.039">
    </testcase>
    <testcase classname="Property 42: Deliberation hiding when disabled displayResponse function only updates consensus content area" name="Property 42: Deliberation hiding when disabled displayResponse function only updates consensus content area" time="0.042">
    </testcase>
    <testcase classname="Property 42: Deliberation hiding when disabled deliberation loading conditional on transparency enabled" name="Property 42: Deliberation hiding when disabled deliberation loading conditional on transparency enabled" time="0.032">
    </testcase>
    <testcase classname="Property 42: Deliberation hiding when disabled new request hides deliberation section" name="Property 42: Deliberation hiding when disabled new request hides deliberation section" time="0.034">
    </testcase>
  </testsuite>
  <testsuite name="Property Test: Per-Provider Configuration Support" errors="0" failures="0" skipped="0" timestamp="2025-11-22T19:37:33" time="2.229" tests="4">
    <testcase classname="Property Test: Per-Provider Configuration Support should accept and preserve different timeout values per provider/model" name="Property Test: Per-Provider Configuration Support should accept and preserve different timeout values per provider/model" time="0.07">
    </testcase>
    <testcase classname="Property Test: Per-Provider Configuration Support should accept and preserve different retry policies per provider/model" name="Property Test: Per-Provider Configuration Support should accept and preserve different retry policies per provider/model" time="0.13">
    </testcase>
    <testcase classname="Property Test: Per-Provider Configuration Support should support different configs for same provider with different models" name="Property Test: Per-Provider Configuration Support should support different configs for same provider with different models" time="0.031">
    </testcase>
    <testcase classname="Property Test: Per-Provider Configuration Support should validate and accept configs with diverse timeout values" name="Property Test: Per-Provider Configuration Support should validate and accept configs with diverse timeout values" time="0.04">
    </testcase>
  </testsuite>
  <testsuite name="Property 44: Red-team prompt secure storage" errors="0" failures="0" skipped="0" timestamp="2025-11-22T19:37:33" time="2.023" tests="2">
    <testcase classname="Property 44: Red-team prompt secure storage stored prompts should be retrievable from secure storage" name="Property 44: Red-team prompt secure storage stored prompts should be retrievable from secure storage" time="0.118">
    </testcase>
    <testcase classname="Property 44: Red-team prompt secure storage prompt storage should preserve all fields" name="Property 44: Red-team prompt secure storage prompt storage should preserve all fields" time="0.023">
    </testcase>
  </testsuite>
  <testsuite name="Property 13: Cost calculation accuracy" errors="0" failures="0" skipped="0" timestamp="2025-11-22T19:37:34" time="1.887" tests="5">
    <testcase classname="Property 13: Cost calculation accuracy should calculate cost accurately based on token usage and pricing" name="Property 13: Cost calculation accuracy should calculate cost accurately based on token usage and pricing" time="0.044">
    </testcase>
    <testcase classname="Property 13: Cost calculation accuracy should handle zero token usage correctly" name="Property 13: Cost calculation accuracy should handle zero token usage correctly" time="0.011">
    </testcase>
    <testcase classname="Property 13: Cost calculation accuracy should calculate cost proportionally to token count" name="Property 13: Cost calculation accuracy should calculate cost proportionally to token count" time="0.01">
    </testcase>
    <testcase classname="Property 13: Cost calculation accuracy should use correct pricing version in calculation result" name="Property 13: Cost calculation accuracy should use correct pricing version in calculation result" time="0.015">
    </testcase>
    <testcase classname="Property 13: Cost calculation accuracy should handle missing pricing configuration gracefully" name="Property 13: Cost calculation accuracy should handle missing pricing configuration gracefully" time="0.054">
    </testcase>
  </testsuite>
  <testsuite name="Property 41: Deliberation thread chronological ordering" errors="0" failures="0" skipped="0" timestamp="2025-11-22T19:37:35" time="1.652" tests="1">
    <testcase classname="Property 41: Deliberation thread chronological ordering deliberation thread should be in chronological order" name="Property 41: Deliberation thread chronological ordering deliberation thread should be in chronological order" time="0.065">
    </testcase>
  </testsuite>
  <testsuite name="Property 10: Response attribution" errors="0" failures="0" skipped="0" timestamp="2025-11-22T19:37:35" time="1.735" tests="3">
    <testcase classname="Property 10: Response attribution should include council member ID in all logged responses" name="Property 10: Response attribution should include council member ID in all logged responses" time="0.077">
    </testcase>
    <testcase classname="Property 10: Response attribution should include council member ID in all deliberation exchanges" name="Property 10: Response attribution should include council member ID in all deliberation exchanges" time="0.1">
    </testcase>
    <testcase classname="Property 10: Response attribution should preserve council member ID through the entire logging pipeline" name="Property 10: Response attribution should preserve council member ID through the entire logging pipeline" time="0.034">
    </testcase>
  </testsuite>
  <testsuite name="Property 9: Complete logging" errors="0" failures="0" skipped="0" timestamp="2025-11-22T19:37:35" time="1.672" tests="1">
    <testcase classname="Property 9: Complete logging should log all components of a processed request" name="Property 9: Complete logging should log all components of a processed request" time="0.096">
    </testcase>
  </testsuite>
  <testsuite name="Property Test: Failure Tracking is Consistent" errors="0" failures="0" skipped="0" timestamp="2025-11-22T19:37:35" time="1.668" tests="3">
    <testcase classname="Property Test: Failure Tracking is Consistent should maintain consistent failure counts across components" name="Property Test: Failure Tracking is Consistent should maintain consistent failure counts across components" time="0.021">
    </testcase>
    <testcase classname="Property Test: Failure Tracking is Consistent should synchronize failure counts between Provider Pool and Orchestration Engine" name="Property Test: Failure Tracking is Consistent should synchronize failure counts between Provider Pool and Orchestration Engine" time="0.002">
    </testcase>
    <testcase classname="Property Test: Failure Tracking is Consistent should synchronize disabled state between components" name="Property Test: Failure Tracking is Consistent should synchronize disabled state between components" time="0.001">
    </testcase>
  </testsuite>
  <testsuite name="Property Test: Disabled State is Synchronized" errors="0" failures="0" skipped="0" timestamp="2025-11-22T19:37:35" time="1.614" tests="4">
    <testcase classname="Property Test: Disabled State is Synchronized should synchronize disabled state across components" name="Property Test: Disabled State is Synchronized should synchronize disabled state across components" time="0.014">
    </testcase>
    <testcase classname="Property Test: Disabled State is Synchronized should synchronize enable operations across components" name="Property Test: Disabled State is Synchronized should synchronize enable operations across components" time="0.003">
    </testcase>
    <testcase classname="Property Test: Disabled State is Synchronized should synchronize disable operations across components" name="Property Test: Disabled State is Synchronized should synchronize disable operations across components" time="0.006">
    </testcase>
    <testcase classname="Property Test: Disabled State is Synchronized should return consistent disabled state from both components" name="Property Test: Disabled State is Synchronized should return consistent disabled state from both components" time="0.001">
    </testcase>
  </testsuite>
  <testsuite name="Property Test: Cost Period Matching is Exact" errors="0" failures="0" skipped="0" timestamp="2025-11-22T19:37:37" time="1.14" tests="5">
    <testcase classname="Property Test: Cost Period Matching is Exact should match periods exactly, not by substring" name="Property Test: Cost Period Matching is Exact should match periods exactly, not by substring" time="0.004">
    </testcase>
    <testcase classname="Property Test: Cost Period Matching is Exact should not trigger alert for partial period matches" name="Property Test: Cost Period Matching is Exact should not trigger alert for partial period matches" time="0.001">
    </testcase>
    <testcase classname="Property Test: Cost Period Matching is Exact should trigger alert for exact period matches" name="Property Test: Cost Period Matching is Exact should trigger alert for exact period matches" time="0">
    </testcase>
    <testcase classname="Property Test: Cost Period Matching is Exact should not match different periods" name="Property Test: Cost Period Matching is Exact should not match different periods" time="0">
    </testcase>
    <testcase classname="Property Test: Cost Period Matching is Exact should match all valid periods exactly" name="Property Test: Cost Period Matching is Exact should match all valid periods exactly" time="0.001">
    </testcase>
  </testsuite>
  <testsuite name="Property 15: Cost alert triggering" errors="0" failures="0" skipped="0" timestamp="2025-11-22T19:37:37" time="1.208" tests="9">
    <testcase classname="Property 15: Cost alert triggering should trigger alert when cost exceeds threshold" name="Property 15: Cost alert triggering should trigger alert when cost exceeds threshold" time="0.027">
    </testcase>
    <testcase classname="Property 15: Cost alert triggering should not trigger alert when cost is below threshold" name="Property 15: Cost alert triggering should not trigger alert when cost is below threshold" time="0.007">
    </testcase>
    <testcase classname="Property 15: Cost alert triggering should trigger alert when cost exactly equals threshold" name="Property 15: Cost alert triggering should trigger alert when cost exactly equals threshold" time="0.008">
    </testcase>
    <testcase classname="Property 15: Cost alert triggering should accumulate costs across multiple checks in same period" name="Property 15: Cost alert triggering should accumulate costs across multiple checks in same period" time="0.011">
    </testcase>
    <testcase classname="Property 15: Cost alert triggering should not trigger disabled alerts" name="Property 15: Cost alert triggering should not trigger disabled alerts" time="0.008">
    </testcase>
    <testcase classname="Property 15: Cost alert triggering should handle multiple alerts with different thresholds" name="Property 15: Cost alert triggering should handle multiple alerts with different thresholds" time="0.009">
    </testcase>
    <testcase classname="Property 15: Cost alert triggering should reset period costs correctly" name="Property 15: Cost alert triggering should reset period costs correctly" time="0.009">
    </testcase>
    <testcase classname="Property 15: Cost alert triggering should include threshold and current cost in alert message" name="Property 15: Cost alert triggering should include threshold and current cost in alert message" time="0.012">
    </testcase>
    <testcase classname="Property 15: Cost alert triggering should handle zero cost without triggering alerts" name="Property 15: Cost alert triggering should handle zero cost without triggering alerts" time="0.006">
    </testcase>
  </testsuite>
  <testsuite name="Property 46: Red-team result recording" errors="0" failures="0" skipped="0" timestamp="2025-11-22T19:37:37" time="1.434" tests="3">
    <testcase classname="Property 46: Red-team result recording recorded results should include resistance status for each council member" name="Property 46: Red-team result recording recorded results should include resistance status for each council member" time="0.121">
    </testcase>
    <testcase classname="Property 46: Red-team result recording resistance rates should correctly reflect test outcomes" name="Property 46: Red-team result recording resistance rates should correctly reflect test outcomes" time="0.019">
    </testcase>
    <testcase classname="Property 46: Red-team result recording results should distinguish between resisted and compromised" name="Property 46: Red-team result recording results should distinguish between resisted and compromised" time="0.017">
    </testcase>
  </testsuite>
  <testsuite name="Property 48: Security warning generation" errors="0" failures="0" skipped="0" timestamp="2025-11-22T19:37:37" time="1.722" tests="4">
    <testcase classname="Property 48: Security warning generation members with high failure rates should generate security warnings" name="Property 48: Security warning generation members with high failure rates should generate security warnings" time="0.047">
    </testcase>
    <testcase classname="Property 48: Security warning generation warnings should include failure rate information" name="Property 48: Security warning generation warnings should include failure rate information" time="0.027">
    </testcase>
    <testcase classname="Property 48: Security warning generation members with low failure rates should not generate warnings" name="Property 48: Security warning generation members with low failure rates should not generate warnings" time="0.009">
    </testcase>
    <testcase classname="Property 48: Security warning generation warning threshold should be consistent" name="Property 48: Security warning generation warning threshold should be consistent" time="0.033">
    </testcase>
  </testsuite>
  <testsuite name="Property Test: Cost Attribution Uses Correct Member IDs" errors="0" failures="0" skipped="0" timestamp="2025-11-22T19:37:37" time="1.714" tests="3">
    <testcase classname="Property Test: Cost Attribution Uses Correct Member IDs should attribute costs to actual member IDs not placeholders" name="Property Test: Cost Attribution Uses Correct Member IDs should attribute costs to actual member IDs not placeholders" time="0.077">
    </testcase>
    <testcase classname="Property Test: Cost Attribution Uses Correct Member IDs should preserve member IDs when aggregating costs" name="Property Test: Cost Attribution Uses Correct Member IDs should preserve member IDs when aggregating costs" time="0.118">
    </testcase>
    <testcase classname="Property Test: Cost Attribution Uses Correct Member IDs should maintain member ID integrity through calculation pipeline" name="Property Test: Cost Attribution Uses Correct Member IDs should maintain member ID integrity through calculation pipeline" time="0.059">
    </testcase>
  </testsuite>
  <testsuite name="Property 12: Influence score computation" errors="0" failures="0" skipped="0" timestamp="2025-11-22T19:37:37" time="1.764" tests="6">
    <testcase classname="Property 12: Influence score computation influence scores should be between 0 and 1" name="Property 12: Influence score computation influence scores should be between 0 and 1" time="0.14">
    </testcase>
    <testcase classname="Property 12: Influence score computation member with identical responses to consensus should have high influence" name="Property 12: Influence score computation member with identical responses to consensus should have high influence" time="0.015">
    </testcase>
    <testcase classname="Property 12: Influence score computation member with completely different responses should have low influence" name="Property 12: Influence score computation member with completely different responses should have low influence" time="0.013">
    </testcase>
    <testcase classname="Property 12: Influence score computation influence scores should account for all member responses" name="Property 12: Influence score computation influence scores should account for all member responses" time="0.042">
    </testcase>
    <testcase classname="Property 12: Influence score computation empty response set should produce empty influence scores" name="Property 12: Influence score computation empty response set should produce empty influence scores" time="0.005">
    </testcase>
    <testcase classname="Property 12: Influence score computation influence score should be proportional to match rate" name="Property 12: Influence score computation influence score should be proportional to match rate" time="0.02">
    </testcase>
  </testsuite>
  <testsuite name="Property Test: Retry Attempt Count" errors="0" failures="0" skipped="0" timestamp="2025-11-22T19:36:38" time="60.837" tests="3">
    <testcase classname="Property Test: Retry Attempt Count should attempt exactly maxAttempts retries for retryable errors" name="Property Test: Retry Attempt Count should attempt exactly maxAttempts retries for retryable errors" time="17.485">
    </testcase>
    <testcase classname="Property Test: Retry Attempt Count should not retry for non-retryable errors" name="Property Test: Retry Attempt Count should not retry for non-retryable errors" time="0.021">
    </testcase>
    <testcase classname="Property Test: Retry Attempt Count should stop retrying once request succeeds" name="Property Test: Retry Attempt Count should stop retrying once request succeeds" time="2.893">
    </testcase>
  </testsuite>
  <testsuite name="Property Test: Retry Policy Rejects Invalid maxAttempts" errors="0" failures="0" skipped="0" timestamp="2025-11-22T19:37:38" time="1.544" tests="4">
    <testcase classname="Property Test: Retry Policy Rejects Invalid maxAttempts should reject retry policies with maxAttempts &lt;= 0" name="Property Test: Retry Policy Rejects Invalid maxAttempts should reject retry policies with maxAttempts &lt;= 0" time="0.062">
    </testcase>
    <testcase classname="Property Test: Retry Policy Rejects Invalid maxAttempts should accept retry policies with maxAttempts &gt; 0" name="Property Test: Retry Policy Rejects Invalid maxAttempts should accept retry policies with maxAttempts &gt; 0" time="0.011">
    </testcase>
    <testcase classname="Property Test: Retry Policy Rejects Invalid maxAttempts should reject maxAttempts = 0" name="Property Test: Retry Policy Rejects Invalid maxAttempts should reject maxAttempts = 0" time="0.028">
    </testcase>
    <testcase classname="Property Test: Retry Policy Rejects Invalid maxAttempts should reject maxAttempts &lt; 0" name="Property Test: Retry Policy Rejects Invalid maxAttempts should reject maxAttempts &lt; 0" time="0">
    </testcase>
  </testsuite>
  <testsuite name="Property Test: Percentile Calculation is Mathematically Correct" errors="0" failures="0" skipped="0" timestamp="2025-11-22T19:37:38" time="1.44" tests="7">
    <testcase classname="Property Test: Percentile Calculation is Mathematically Correct should calculate percentiles using linear interpolation" name="Property Test: Percentile Calculation is Mathematically Correct should calculate percentiles using linear interpolation" time="0.031">
    </testcase>
    <testcase classname="Property Test: Percentile Calculation is Mathematically Correct should handle empty array correctly" name="Property Test: Percentile Calculation is Mathematically Correct should handle empty array correctly" time="0.001">
    </testcase>
    <testcase classname="Property Test: Percentile Calculation is Mathematically Correct should handle single element correctly" name="Property Test: Percentile Calculation is Mathematically Correct should handle single element correctly" time="0">
    </testcase>
    <testcase classname="Property Test: Percentile Calculation is Mathematically Correct should handle two elements correctly" name="Property Test: Percentile Calculation is Mathematically Correct should handle two elements correctly" time="0">
    </testcase>
    <testcase classname="Property Test: Percentile Calculation is Mathematically Correct should maintain percentile ordering (p50 &lt;= p95 &lt;= p99)" name="Property Test: Percentile Calculation is Mathematically Correct should maintain percentile ordering (p50 &lt;= p95 &lt;= p99)" time="0.034">
    </testcase>
    <testcase classname="Property Test: Percentile Calculation is Mathematically Correct should handle uniform data correctly" name="Property Test: Percentile Calculation is Mathematically Correct should handle uniform data correctly" time="0">
    </testcase>
    <testcase classname="Property Test: Percentile Calculation is Mathematically Correct should calculate specific percentiles correctly" name="Property Test: Percentile Calculation is Mathematically Correct should calculate specific percentiles correctly" time="0.001">
    </testcase>
  </testsuite>
  <testsuite name="Property: Disagreement measures member-to-member difference" errors="0" failures="0" skipped="0" timestamp="2025-11-22T19:37:38" time="1.515" tests="4">
    <testcase classname="Property: Disagreement measures member-to-member difference identical member responses should result in zero disagreement" name="Property: Disagreement measures member-to-member difference identical member responses should result in zero disagreement" time="0.018">
    </testcase>
    <testcase classname="Property: Disagreement measures member-to-member difference completely different member responses should result in high disagreement" name="Property: Disagreement measures member-to-member difference completely different member responses should result in high disagreement" time="0.004">
    </testcase>
    <testcase classname="Property: Disagreement measures member-to-member difference disagreement should be independent of consensus alignment" name="Property: Disagreement measures member-to-member difference disagreement should be independent of consensus alignment" time="0.014">
    </testcase>
    <testcase classname="Property: Disagreement measures member-to-member difference disagreement calculation should not depend on consensus" name="Property: Disagreement measures member-to-member difference disagreement calculation should not depend on consensus" time="0">
    </testcase>
  </testsuite>
  <testsuite name="Property Test: Logged Responses Have Correct Member IDs" errors="0" failures="0" skipped="0" timestamp="2025-11-22T19:37:38" time="1.769" tests="2">
    <testcase classname="Property Test: Logged Responses Have Correct Member IDs should log responses with actual member IDs not placeholders" name="Property Test: Logged Responses Have Correct Member IDs should log responses with actual member IDs not placeholders" time="0.031">
    </testcase>
    <testcase classname="Property Test: Logged Responses Have Correct Member IDs should preserve distinct member IDs when logging multiple responses" name="Property Test: Logged Responses Have Correct Member IDs should preserve distinct member IDs when logging multiple responses" time="0.037">
    </testcase>
  </testsuite>
  <testsuite name="Property 43: Forced transparency override" errors="0" failures="0" skipped="0" timestamp="2025-11-22T19:37:40" time="1.228" tests="2">
    <testcase classname="Property 43: Forced transparency override forced transparency should override user preference" name="Property 43: Forced transparency override forced transparency should override user preference" time="0.028">
    </testcase>
    <testcase classname="Property 43: Forced transparency override forced transparency configuration persists correctly" name="Property 43: Forced transparency override forced transparency configuration persists correctly" time="0.025">
    </testcase>
  </testsuite>
  <testsuite name="Property Test: Preset Validation Occurs First" errors="0" failures="0" skipped="0" timestamp="2025-11-22T19:37:40" time="1.258" tests="4">
    <testcase classname="Property Test: Preset Validation Occurs First should validate preset name before calling getPresetConfigurations" name="Property Test: Preset Validation Occurs First should validate preset name before calling getPresetConfigurations" time="0.02">
    </testcase>
    <testcase classname="Property Test: Preset Validation Occurs First should accept valid preset names" name="Property Test: Preset Validation Occurs First should accept valid preset names" time="0.001">
    </testcase>
    <testcase classname="Property Test: Preset Validation Occurs First should reject invalid preset names with ConfigurationValidationError" name="Property Test: Preset Validation Occurs First should reject invalid preset names with ConfigurationValidationError" time="0.051">
    </testcase>
    <testcase classname="Property Test: Preset Validation Occurs First should validate preset before attempting to get configurations" name="Property Test: Preset Validation Occurs First should validate preset before attempting to get configurations" time="0.001">
    </testcase>
  </testsuite>
  <testsuite name="Property: Agreement matrix reflects member differences" errors="0" failures="0" skipped="0" timestamp="2025-11-22T19:37:40" time="1.295" tests="4">
    <testcase classname="Property: Agreement matrix reflects member differences agreement matrix should be symmetric" name="Property: Agreement matrix reflects member differences agreement matrix should be symmetric" time="0.034">
    </testcase>
    <testcase classname="Property: Agreement matrix reflects member differences diagonal of agreement matrix should be zero" name="Property: Agreement matrix reflects member differences diagonal of agreement matrix should be zero" time="0.012">
    </testcase>
    <testcase classname="Property: Agreement matrix reflects member differences agreement matrix should reflect actual response similarity" name="Property: Agreement matrix reflects member differences agreement matrix should reflect actual response similarity" time="0.001">
    </testcase>
    <testcase classname="Property: Agreement matrix reflects member differences agreement matrix should handle multiple deliberations correctly" name="Property: Agreement matrix reflects member differences agreement matrix should handle multiple deliberations correctly" time="0">
    </testcase>
  </testsuite>
  <testsuite name="Project Setup" errors="0" failures="0" skipped="0" timestamp="2025-11-22T19:37:40" time="1.39" tests="3">
    <testcase classname="Project Setup Jest is configured correctly" name="Project Setup Jest is configured correctly" time="0.001">
    </testcase>
    <testcase classname="Project Setup TypeScript compilation works" name="Project Setup TypeScript compilation works" time="0">
    </testcase>
    <testcase classname="Project Setup fast-check is available for property-based testing" name="Project Setup fast-check is available for property-based testing" time="0.002">
    </testcase>
  </testsuite>
  <testsuite name="Property 32: Disabled member warnings" errors="0" failures="0" skipped="0" timestamp="2025-11-22T19:37:40" time="1.396" tests="3">
    <testcase classname="Property 32: Disabled member warnings disabled members generate warnings" name="Property 32: Disabled member warnings disabled members generate warnings" time="0.036">
    </testcase>
    <testcase classname="Property 32: Disabled member warnings healthy members generate no warnings" name="Property 32: Disabled member warnings healthy members generate no warnings" time="0.016">
    </testcase>
    <testcase classname="Property 32: Disabled member warnings one warning per disabled member" name="Property 32: Disabled member warnings one warning per disabled member" time="0.03">
    </testcase>
  </testsuite>
  <testsuite name="OrchestrationEngine" errors="0" failures="0" skipped="0" timestamp="2025-11-22T19:37:41" time="0.592" tests="18">
    <testcase classname="OrchestrationEngine distributeToCouncil should distribute request to all council members" name="OrchestrationEngine distributeToCouncil should distribute request to all council members" time="0.001">
    </testcase>
    <testcase classname="OrchestrationEngine distributeToCouncil should handle individual member failures gracefully" name="OrchestrationEngine distributeToCouncil should handle individual member failures gracefully" time="0.001">
    </testcase>
    <testcase classname="OrchestrationEngine distributeToCouncil should throw error when all members fail" name="OrchestrationEngine distributeToCouncil should throw error when all members fail" time="0.014">
    </testcase>
    <testcase classname="OrchestrationEngine processRequest should process a complete request successfully" name="OrchestrationEngine processRequest should process a complete request successfully" time="0.001">
    </testcase>
    <testcase classname="OrchestrationEngine processRequest should filter out disabled members" name="OrchestrationEngine processRequest should filter out disabled members" time="0">
    </testcase>
    <testcase classname="OrchestrationEngine processRequest should throw error when minimum quorum not met" name="OrchestrationEngine processRequest should throw error when minimum quorum not met" time="0.001">
    </testcase>
    <testcase classname="OrchestrationEngine failure tracking should track consecutive failures" name="OrchestrationEngine failure tracking should track consecutive failures" time="0.001">
    </testcase>
    <testcase classname="OrchestrationEngine conductDeliberation should return only initial responses when rounds is 0" name="OrchestrationEngine conductDeliberation should return only initial responses when rounds is 0" time="0">
    </testcase>
    <testcase classname="OrchestrationEngine conductDeliberation should conduct deliberation rounds when configured" name="OrchestrationEngine conductDeliberation should conduct deliberation rounds when configured" time="0.002">
    </testcase>
    <testcase classname="OrchestrationEngine conductDeliberation should handle deliberation failures gracefully" name="OrchestrationEngine conductDeliberation should handle deliberation failures gracefully" time="0.001">
    </testcase>
    <testcase classname="OrchestrationEngine conductDeliberation should include total duration" name="OrchestrationEngine conductDeliberation should include total duration" time="0">
    </testcase>
    <testcase classname="OrchestrationEngine deliberation presets should use fast preset with 0 rounds" name="OrchestrationEngine deliberation presets should use fast preset with 0 rounds" time="0.001">
    </testcase>
    <testcase classname="OrchestrationEngine deliberation presets should use balanced preset with 1 round" name="OrchestrationEngine deliberation presets should use balanced preset with 1 round" time="0">
    </testcase>
    <testcase classname="OrchestrationEngine deliberation presets should use thorough preset with 2 rounds" name="OrchestrationEngine deliberation presets should use thorough preset with 2 rounds" time="0.001">
    </testcase>
    <testcase classname="OrchestrationEngine deliberation presets should use research-grade preset with 4 rounds" name="OrchestrationEngine deliberation presets should use research-grade preset with 4 rounds" time="0.001">
    </testcase>
    <testcase classname="OrchestrationEngine context propagation integration should propagate conversation context through entire request lifecycle" name="OrchestrationEngine context propagation integration should propagate conversation context through entire request lifecycle" time="0.001">
    </testcase>
    <testcase classname="OrchestrationEngine context propagation integration should handle requests without context" name="OrchestrationEngine context propagation integration should handle requests without context" time="0.001">
    </testcase>
    <testcase classname="OrchestrationEngine context propagation integration should maintain context consistency across all council members" name="OrchestrationEngine context propagation integration should maintain context consistency across all council members" time="0">
    </testcase>
  </testsuite>
  <testsuite name="Property 14: Cost aggregation correctness" errors="0" failures="0" skipped="0" timestamp="2025-11-22T19:37:40" time="1.949" tests="8">
    <testcase classname="Property 14: Cost aggregation correctness should aggregate total cost as sum of individual costs" name="Property 14: Cost aggregation correctness should aggregate total cost as sum of individual costs" time="0.032">
    </testcase>
    <testcase classname="Property 14: Cost aggregation correctness should correctly aggregate costs by provider" name="Property 14: Cost aggregation correctness should correctly aggregate costs by provider" time="0.034">
    </testcase>
    <testcase classname="Property 14: Cost aggregation correctness should correctly aggregate costs by member" name="Property 14: Cost aggregation correctness should correctly aggregate costs by member" time="0.038">
    </testcase>
    <testcase classname="Property 14: Cost aggregation correctness should handle empty calculations array" name="Property 14: Cost aggregation correctness should handle empty calculations array" time="0.017">
    </testcase>
    <testcase classname="Property 14: Cost aggregation correctness should preserve all individual calculations in aggregated result" name="Property 14: Cost aggregation correctness should preserve all individual calculations in aggregated result" time="0.078">
    </testcase>
    <testcase classname="Property 14: Cost aggregation correctness should maintain consistency between total and breakdown" name="Property 14: Cost aggregation correctness should maintain consistency between total and breakdown" time="0.013">
    </testcase>
    <testcase classname="Property 14: Cost aggregation correctness should handle single calculation correctly" name="Property 14: Cost aggregation correctness should handle single calculation correctly" time="0.019">
    </testcase>
    <testcase classname="Property 14: Cost aggregation correctness should handle multiple calculations from same member" name="Property 14: Cost aggregation correctness should handle multiple calculations from same member" time="0.011">
    </testcase>
  </testsuite>
  <testsuite name="SynthesisEngine - Rotation Concurrency Property Test" errors="0" failures="0" skipped="0" timestamp="2025-11-22T19:37:40" time="1.847" tests="1">
    <testcase classname="SynthesisEngine - Rotation Concurrency Property Test Property 10: Concurrent rotation requests should select members in sequence without skips or duplicates" name="SynthesisEngine - Rotation Concurrency Property Test Property 10: Concurrent rotation requests should select members in sequence without skips or duplicates" time="0.053">
    </testcase>
  </testsuite>
  <testsuite name="SynthesisEngine" errors="0" failures="0" skipped="0" timestamp="2025-11-22T19:37:41" time="0.718" tests="16">
    <testcase classname="SynthesisEngine synthesize consensus-extraction strategy should synthesize with full agreement" name="SynthesisEngine synthesize consensus-extraction strategy should synthesize with full agreement" time="0.001">
    </testcase>
    <testcase classname="SynthesisEngine synthesize consensus-extraction strategy should synthesize with partial agreement" name="SynthesisEngine synthesize consensus-extraction strategy should synthesize with partial agreement" time="0.003">
    </testcase>
    <testcase classname="SynthesisEngine synthesize consensus-extraction strategy should handle empty thread" name="SynthesisEngine synthesize consensus-extraction strategy should handle empty thread" time="0">
    </testcase>
    <testcase classname="SynthesisEngine synthesize weighted-fusion strategy should apply weights correctly" name="SynthesisEngine synthesize weighted-fusion strategy should apply weights correctly" time="0.001">
    </testcase>
    <testcase classname="SynthesisEngine synthesize weighted-fusion strategy should order by weight (highest first)" name="SynthesisEngine synthesize weighted-fusion strategy should order by weight (highest first)" time="0">
    </testcase>
    <testcase classname="SynthesisEngine synthesize meta-synthesis strategy should create meta-synthesis" name="SynthesisEngine synthesize meta-synthesis strategy should create meta-synthesis" time="0.001">
    </testcase>
    <testcase classname="SynthesisEngine synthesize multiple rounds should handle multiple deliberation rounds" name="SynthesisEngine synthesize multiple rounds should handle multiple deliberation rounds" time="0.001">
    </testcase>
    <testcase classname="SynthesisEngine selectModerator should select permanent moderator" name="SynthesisEngine selectModerator should select permanent moderator" time="0">
    </testcase>
    <testcase classname="SynthesisEngine selectModerator should throw error if permanent moderator not found" name="SynthesisEngine selectModerator should throw error if permanent moderator not found" time="0.032">
    </testcase>
    <testcase classname="SynthesisEngine selectModerator should rotate moderator selection" name="SynthesisEngine selectModerator should rotate moderator selection" time="0.001">
    </testcase>
    <testcase classname="SynthesisEngine selectModerator should select strongest moderator" name="SynthesisEngine selectModerator should select strongest moderator" time="0">
    </testcase>
    <testcase classname="SynthesisEngine selectModerator should handle single member" name="SynthesisEngine selectModerator should handle single member" time="0">
    </testcase>
    <testcase classname="SynthesisEngine selectModerator should throw error with no members" name="SynthesisEngine selectModerator should throw error with no members" time="0.001">
    </testcase>
    <testcase classname="SynthesisEngine selectModerator should handle unknown model in strongest selection" name="SynthesisEngine selectModerator should handle unknown model in strongest selection" time="0">
    </testcase>
    <testcase classname="SynthesisEngine agreement level calculation should calculate high agreement for similar content" name="SynthesisEngine agreement level calculation should calculate high agreement for similar content" time="0">
    </testcase>
    <testcase classname="SynthesisEngine agreement level calculation should calculate low agreement for different content" name="SynthesisEngine agreement level calculation should calculate low agreement for different content" time="0">
    </testcase>
  </testsuite>
  <testsuite name="BaseProviderAdapter" errors="0" failures="0" skipped="0" timestamp="2025-11-22T19:37:41" time="0.799" tests="15">
    <testcase classname="BaseProviderAdapter Error Code Detection should detect timeout errors" name="BaseProviderAdapter Error Code Detection should detect timeout errors" time="0">
    </testcase>
    <testcase classname="BaseProviderAdapter Error Code Detection should detect rate limit errors from message" name="BaseProviderAdapter Error Code Detection should detect rate limit errors from message" time="0.001">
    </testcase>
    <testcase classname="BaseProviderAdapter Error Code Detection should detect rate limit errors from status code" name="BaseProviderAdapter Error Code Detection should detect rate limit errors from status code" time="0">
    </testcase>
    <testcase classname="BaseProviderAdapter Error Code Detection should detect service unavailable errors" name="BaseProviderAdapter Error Code Detection should detect service unavailable errors" time="0">
    </testcase>
    <testcase classname="BaseProviderAdapter Error Code Detection should return error code if present" name="BaseProviderAdapter Error Code Detection should return error code if present" time="0">
    </testcase>
    <testcase classname="BaseProviderAdapter Error Code Detection should return UNKNOWN_ERROR for unrecognized errors" name="BaseProviderAdapter Error Code Detection should return UNKNOWN_ERROR for unrecognized errors" time="0">
    </testcase>
    <testcase classname="BaseProviderAdapter Exponential Backoff should calculate exponential backoff correctly" name="BaseProviderAdapter Exponential Backoff should calculate exponential backoff correctly" time="0">
    </testcase>
    <testcase classname="BaseProviderAdapter Exponential Backoff should respect maximum delay" name="BaseProviderAdapter Exponential Backoff should respect maximum delay" time="0">
    </testcase>
    <testcase classname="BaseProviderAdapter Exponential Backoff should handle zero initial delay" name="BaseProviderAdapter Exponential Backoff should handle zero initial delay" time="0">
    </testcase>
    <testcase classname="BaseProviderAdapter Retry Logic should succeed on first attempt" name="BaseProviderAdapter Retry Logic should succeed on first attempt" time="0.001">
    </testcase>
    <testcase classname="BaseProviderAdapter Retry Logic should not retry on non-retryable errors" name="BaseProviderAdapter Retry Logic should not retry on non-retryable errors" time="0">
    </testcase>
    <testcase classname="BaseProviderAdapter Retry Logic should retry on retryable errors up to max attempts" name="BaseProviderAdapter Retry Logic should retry on retryable errors up to max attempts" time="0.031">
    </testcase>
    <testcase classname="BaseProviderAdapter Retry Logic should succeed after retries" name="BaseProviderAdapter Retry Logic should succeed after retries" time="0.031">
    </testcase>
    <testcase classname="BaseProviderAdapter Timeout Handling should timeout long-running requests" name="BaseProviderAdapter Timeout Handling should timeout long-running requests" time="0.101">
    </testcase>
    <testcase classname="BaseProviderAdapter Timeout Handling should complete fast requests before timeout" name="BaseProviderAdapter Timeout Handling should complete fast requests before timeout" time="0.05">
    </testcase>
  </testsuite>
  <testsuite name="ProviderPool" errors="0" failures="0" skipped="0" timestamp="2025-11-22T19:37:41" time="0.738" tests="8">
    <testcase classname="ProviderPool Initialization should initialize without errors" name="ProviderPool Initialization should initialize without errors" time="0.001">
    </testcase>
    <testcase classname="ProviderPool Initialization should track health for configured providers" name="ProviderPool Initialization should track health for configured providers" time="0.001">
    </testcase>
    <testcase classname="ProviderPool Provider Health Tracking should return health status for a provider" name="ProviderPool Provider Health Tracking should return health status for a provider" time="0">
    </testcase>
    <testcase classname="ProviderPool Provider Health Tracking should mark provider as disabled" name="ProviderPool Provider Health Tracking should mark provider as disabled" time="0">
    </testcase>
    <testcase classname="ProviderPool Provider Health Tracking should re-enable a disabled provider" name="ProviderPool Provider Health Tracking should re-enable a disabled provider" time="0.001">
    </testcase>
    <testcase classname="ProviderPool Request Handling should handle request to unconfigured provider" name="ProviderPool Request Handling should handle request to unconfigured provider" time="0">
    </testcase>
    <testcase classname="ProviderPool Request Handling should handle request to disabled provider" name="ProviderPool Request Handling should handle request to disabled provider" time="0">
    </testcase>
    <testcase classname="ProviderPool Health Aggregation should return all provider health statuses" name="ProviderPool Health Aggregation should return all provider health statuses" time="0.001">
    </testcase>
  </testsuite>
  <testsuite name="Property Test: Timeout Enforcement" errors="0" failures="0" skipped="0" timestamp="2025-11-22T19:36:36" time="91.03" tests="2">
    <testcase classname="Property Test: Timeout Enforcement should enforce timeout for any council member configuration" name="Property Test: Timeout Enforcement should enforce timeout for any council member configuration" time="23.878">
    </testcase>
    <testcase classname="Property Test: Timeout Enforcement should allow fast requests to complete successfully" name="Property Test: Timeout Enforcement should allow fast requests to complete successfully" time="28.614">
    </testcase>
  </testsuite>
</testsuites>